[22:45:56] [ServerMain/INFO]: [bootstrap] Running Java 21 (OpenJDK 64-Bit Server VM 21.0.11+10-LTS; Eclipse Adoptium Temurin-21.0.11+10) on Linux 6.12.54-linuxkit (aarch64)
[22:45:56] [ServerMain/INFO]: [bootstrap] Loading Paper 1.21.8-60-main@29c8822 (2025-09-06T21:49:13Z) for Minecraft 1.21.8
[22:45:56] [ServerMain/INFO]: [PluginInitializerManager] Initializing plugins...
[22:45:56] [ServerMain/INFO]: [PluginInitializerManager] Initialized 0 plugins
[22:45:59] [ServerMain/INFO]: Environment: Environment[sessionHost=https://sessionserver.mojang.com, servicesHost=https://api.minecraftservices.com, name=PROD]
[22:46:00] [ServerMain/INFO]: Loaded 1407 recipes
[22:46:00] [ServerMain/INFO]: Loaded 1520 advancements
[22:46:00] [ServerMain/INFO]: [ca.spottedleaf.dataconverter.minecraft.datatypes.MCTypeRegistry] Initialising converters for DataConverter...
[22:46:00] [ServerMain/INFO]: [ca.spottedleaf.dataconverter.minecraft.datatypes.MCTypeRegistry] Finished initialising converters for DataConverter in 258.4ms
[22:46:00] [Server thread/INFO]: Starting minecraft server version 1.21.8
[22:46:00] [Server thread/WARN]: ****************************
[22:46:00] [Server thread/WARN]: YOU ARE RUNNING THIS SERVER AS AN ADMINISTRATIVE OR ROOT USER. THIS IS NOT ADVISED.
[22:46:00] [Server thread/WARN]: YOU ARE OPENING YOURSELF UP TO POTENTIAL RISKS WHEN DOING THIS.
[22:46:00] [Server thread/WARN]: FOR MORE INFORMATION, SEE https://madelinemiller.dev/blog/root-minecraft-server/
[22:46:00] [Server thread/WARN]: ****************************
[22:46:00] [Server thread/INFO]: Loading properties
[22:46:00] [Server thread/INFO]: This server is running Paper version 1.21.8-60-main@29c8822 (2025-09-06T21:49:13Z) (Implementing API version 1.21.8-R0.1-SNAPSHOT)
[22:46:00] [Server thread/INFO]: [spark] This server bundles the spark profiler. For more information please visit https://docs.papermc.io/paper/profiling
[22:46:00] [Server thread/INFO]: Server Ping Player Sample Count: 12
[22:46:00] [Server thread/INFO]: Using 4 threads for Netty based IO
[22:46:01] [Server thread/INFO]: [MoonriseCommon] Paper is using 1 worker threads, 1 I/O threads
[22:46:01] [Server thread/INFO]: [ChunkTaskScheduler] Chunk system is using population gen parallelism: true
[22:46:01] [Server thread/INFO]: Default game type: SURVIVAL
[22:46:01] [Server thread/INFO]: Generating keypair
[22:46:01] [Server thread/INFO]: Starting Minecraft server on *:25565
[22:46:01] [Server thread/INFO]: Using epoll channel type
[22:46:01] [Server thread/INFO]: Paper: Using libdeflate (Linux aarch64) compression from Velocity.
[22:46:01] [Server thread/INFO]: Paper: Using OpenSSL 3.x.x (Linux aarch64) cipher from Velocity.
[22:46:01] [Server thread/INFO]: Server permissions file permissions.yml is empty, ignoring it
[22:46:01] [Server thread/INFO]: Preparing level "world"
[22:46:02] [Server thread/INFO]: Preparing start region for dimension minecraft:overworld
[22:46:02] [Server thread/INFO]: Preparing spawn area: 0%
[22:46:03] [Server thread/INFO]: Preparing spawn area: 30%
[22:46:03] [Server thread/INFO]: Time elapsed: 586 ms
[22:46:03] [Server thread/INFO]: Preparing start region for dimension minecraft:the_nether
[22:46:03] [Server thread/INFO]: Preparing spawn area: 2%
[22:46:03] [Server thread/INFO]: Preparing spawn area: 32%
[22:46:04] [Server thread/INFO]: Preparing spawn area: 32%
[22:46:04] [Server thread/INFO]: Preparing spawn area: 44%
[22:46:05] [Server thread/INFO]: Preparing spawn area: 61%
[22:46:05] [Server thread/INFO]: Time elapsed: 2226 ms
[22:46:05] [Server thread/INFO]: Preparing start region for dimension minecraft:the_end
[22:46:05] [Server thread/INFO]: Preparing spawn area: 2%
[22:46:05] [Server thread/INFO]: Preparing spawn area: 51%
[22:46:05] [Server thread/INFO]: Time elapsed: 512 ms
[22:46:06] [Server thread/INFO]: [spark] Starting background profiler...
[22:46:06] [Server thread/INFO]: Done preparing level "world" (4.574s)
[22:46:06] [Server thread/INFO]: Running delayed init tasks
[22:46:06] [Server thread/INFO]: Done (10.219s)! For help, type "help"
[22:46:32] [Server thread/INFO]: Stopping server
[22:46:32] [Server thread/INFO]: Saving players
[22:46:32] [Server thread/INFO]: Saving worlds
[22:46:32] [Server thread/INFO]: Saving chunks for level 'ServerLevel[world]'/minecraft:overworld
[22:46:32] [Server thread/INFO]: [ChunkHolderManager] Waiting 60s for chunk system to halt for world 'world'
[22:46:32] [Server thread/INFO]: [ChunkHolderManager] Halted chunk system for world 'world'
[22:46:32] [Server thread/INFO]: [ChunkHolderManager] Saving all chunkholders for world 'world'
[22:46:32] [Server thread/INFO]: [ChunkHolderManager] Saved 49 block chunks, 49 entity chunks, 0 poi chunks in world 'world' in 0.22s
[22:46:32] [Server thread/INFO]: [ChunkHolderManager] Waiting 60s for chunk I/O to halt for world 'world'
[22:46:32] [Server thread/INFO]: [ChunkHolderManager] Halted I/O scheduler for world 'world'
[22:46:32] [Server thread/INFO]: Saving chunks for level 'ServerLevel[world_nether]'/minecraft:the_nether
[22:46:32] [Server thread/INFO]: [ChunkHolderManager] Waiting 60s for chunk system to halt for world 'world_nether'
[22:46:32] [Server thread/INFO]: [ChunkHolderManager] Halted chunk system for world 'world_nether'
[22:46:32] [Server thread/INFO]: [ChunkHolderManager] Saving all chunkholders for world 'world_nether'
[22:46:33] [Server thread/INFO]: [ChunkHolderManager] Saved 841 block chunks, 49 entity chunks, 0 poi chunks in world 'world_nether' in 0.44s
[22:46:33] [Server thread/INFO]: [ChunkHolderManager] Waiting 60s for chunk I/O to halt for world 'world_nether'
[22:46:33] [Server thread/INFO]: [ChunkHolderManager] Halted I/O scheduler for world 'world_nether'
[22:46:33] [Server thread/INFO]: Saving chunks for level 'ServerLevel[world_the_end]'/minecraft:the_end
[22:46:33] [Server thread/INFO]: [ChunkHolderManager] Waiting 60s for chunk system to halt for world 'world_the_end'
[22:46:33] [Server thread/INFO]: [ChunkHolderManager] Halted chunk system for world 'world_the_end'
[22:46:33] [Server thread/INFO]: [ChunkHolderManager] Saving all chunkholders for world 'world_the_end'
